// Jest Snapshot v1, https://goo.gl/fbAQLP

exports[`withLoading should render correctly when loading 1`] = `
<Spinner
  delay={100}
  invertColor={false}
  isCompleting={false}
  onComplete={[Function]}
  size="large"
/>
`;

exports[`withLoading should render correctly when not loading 1`] = `
<Example
  title="this is title"
/>
`;
